// Jest Snapshot v1, https://goo.gl/fbAQLP

exports[`should render CreateExpenseComponentTemplate correctly 1`] = `
<div>
  <h2>
    This is createExpenseTemplate
  </h2>
  <br />
  <h2>
    Add New Expense
  </h2>
  <br />
  <ExpenseForm
    onSubmit={[Function]}
  />
</div>
`;
