// Jest Snapshot v1, https://goo.gl/fbAQLP

exports[`should render DashBoardComponent 1`] = `
<div>
  <h2>
    This is dashboard
  </h2>
  <Connect(TotalExpenseComponent) />
  <Connect(ExpenseList) />
</div>
`;
