// Jest Snapshot v1, https://goo.gl/fbAQLP

exports[`should render loginpage component 1`] = `
<loginPageComponent
  startLogin={[Function]}
/>
`;
