// Jest Snapshot v1, https://goo.gl/fbAQLP

exports[`should render NotFoundComponent 1`] = `
<div>
  404 
  <Link
    replace={false}
    to="/dashboard"
  >
    GoHome
  </Link>
</div>
`;
